02-24 14:13:09.970  1965  4035 D PKMSImpl: Uninstall pkg: com.android.todolist u0 flags:4 from pid:27986 uid:10109
02-24 14:13:10.003  1965  2112 I ActivityManager: Force stopping com.android.todolist appid=10071 user=0: deletePackageX
02-24 14:13:10.368  1965  2309 W PackageManager: com.android.server.pm.Installer$InstallerException: android.os.ServiceSpecificException: Failed to delete /data/user_de/999/com.android.todolist (code 2)
02-24 14:13:10.674  1965  2309 W PackageManager: Freeze package com.android.todolist about 0.692 seconds for reason: deletePackageX
02-24 14:13:10.950  1965  2309 I ActivityManager: Force stopping com.android.todolist appid=10071 user=0: pkg removed
02-24 14:13:10.975  1965  2309 I ActivityManager: Force stopping com.android.todolist appid=10071 user=0: pkg removed
02-24 14:13:11.531  1965  3219 V StorageManagerService: Package com.android.todolist does not have legacy storage
02-24 14:13:11.532  1965  2092 D CompanionDeviceManagerService: onPackageRemoved(packageName = com.android.todolist, uid = 10071)
02-24 14:13:11.570  1965  3142 I RollbackManager: broadcast=ACTION_PACKAGE_FULLY_REMOVED pkg=com.android.todolist
02-24 14:13:11.601  1965  2112 W BroadcastQueue: Background execution not allowed: receiving Intent { act=android.intent.action.PACKAGE_REMOVED dat=package:com.android.todolist flg=0x4000010 (has extras) } to com.lbe.security.miui/com.lbe.security.service.BootReceiver
02-24 14:13:11.649  1965  2112 W BroadcastQueue: Background execution not allowed: receiving Intent { act=android.intent.action.PACKAGE_REMOVED dat=package:com.android.todolist flg=0x4000010 (has extras) } to com.huawei.appmarket/.service.installresult.control.InstallerReceiver
02-24 14:13:11.657  1965  2112 W BroadcastQueue: Background execution not allowed: receiving Intent { act=android.intent.action.PACKAGE_REMOVED dat=package:com.android.todolist flg=0x4000010 (has extras) } to com.android.settings/.search.provider.UpdateReceiver
02-24 14:13:11.663  1965  2112 W BroadcastQueue: Background execution not allowed: receiving Intent { act=android.intent.action.PACKAGE_REMOVED dat=package:com.android.todolist flg=0x4000010 (has extras) } to com.android.vending/com.google.android.finsky.packagemonitor.impl.PackageMonitorReceiverImpl$RegisteredReceiver
02-24 14:13:11.663  1965  2112 W BroadcastQueue: Background execution not allowed: receiving Intent { act=android.intent.action.PACKAGE_REMOVED dat=package:com.android.todolist flg=0x4000010 (has extras) } to com.android.vending/com.google.android.finsky.packagemonitor.backgroundimpl.BackgroundPackageMonitorReceiverImpl$RegisteredReceiver
02-24 14:13:11.663  1965  2112 W BroadcastQueue: Background execution not allowed: receiving Intent { act=android.intent.action.PACKAGE_REMOVED dat=package:com.android.todolist flg=0x4000010 (has extras) } to com.android.vending/com.google.android.finsky.instantapps.appmanagement.InstantAppRemoveMonitor
02-24 14:13:11.664  1965  2112 W BroadcastQueue: Background execution not allowed: receiving Intent { act=android.intent.action.PACKAGE_REMOVED dat=package:com.android.todolist flg=0x4000010 (has extras) } to com.google.android.gms/.games.chimera.GamesSystemBroadcastReceiverProxy
02-24 14:13:11.664  1965  2112 W BroadcastQueue: Background execution not allowed: receiving Intent { act=android.intent.action.PACKAGE_REMOVED dat=package:com.android.todolist flg=0x4000010 (has extras) } to com.google.android.gms/.chimera.GmsIntentOperationService$PersistentTrustedReceiver
02-24 14:13:11.664  1965  2112 W BroadcastQueue: Background execution not allowed: receiving Intent { act=android.intent.action.PACKAGE_REMOVED dat=package:com.android.todolist flg=0x4000010 (has extras) } to com.google.android.googlequicksearchbox/com.google.android.apps.gsa.googlequicksearchbox.GelStubAppWatcher
02-24 14:13:11.664  1965  2112 W BroadcastQueue: Background execution not allowed: receiving Intent { act=android.intent.action.PACKAGE_REMOVED dat=package:com.android.todolist flg=0x4000010 (has extras) } to com.xiaomi.discover/com.xiaomi.market.data.MyPackageMonitor
02-24 14:13:11.664  1965  2112 W BroadcastQueue: Background execution not allowed: receiving Intent { act=android.intent.action.PACKAGE_REMOVED dat=package:com.android.todolist flg=0x4000010 (has extras) } to com.xiaomi.mipicks/com.xiaomi.market.data.MyPackageMonitor
02-24 14:13:11.664  1965  2112 W BroadcastQueue: Background execution not allowed: receiving Intent { act=android.intent.action.PACKAGE_REMOVED dat=package:com.android.todolist flg=0x4000010 (has extras) } to com.xiaomi.misettings/.usagestats.AppTimerReceiver
02-24 14:13:11.664  1965  2112 W BroadcastQueue: Background execution not allowed: receiving Intent { act=android.intent.action.PACKAGE_REMOVED dat=package:com.android.todolist flg=0x4000010 (has extras) } to com.facebook.katana/com.facebook.feed.platformads.AppInstallReceiver
02-24 14:13:11.664  1965  2112 W BroadcastQueue: Background execution not allowed: receiving Intent { act=android.intent.action.PACKAGE_REMOVED dat=package:com.android.todolist flg=0x4000010 (has extras) } to com.huawei.hwid/com.huawei.hms.fwksdk.broadcast.PackageRemovedReceiver
02-24 14:13:11.665  1965  2112 W BroadcastQueue: Background execution not allowed: receiving Intent { act=android.intent.action.PACKAGE_REMOVED dat=package:com.android.todolist flg=0x4000010 (has extras) } to com.taptap.global/com.taobao.accs.EventReceiver
02-24 14:13:11.665  1965  2112 W BroadcastQueue: Background execution not allowed: receiving Intent { act=android.intent.action.PACKAGE_REMOVED dat=package:com.android.todolist flg=0x4000010 (has extras) } to com.vkontakte.android/ru.mail.libverify.utils.PackageStateReceiver
02-24 14:13:11.665  1965  2112 W BroadcastQueue: Background execution not allowed: receiving Intent { act=android.intent.action.PACKAGE_REMOVED dat=package:com.android.todolist flg=0x4000010 (has extras) } to ru.sberbankmobile/com.kavsdk.AppInstallationReceiver
02-24 14:13:11.696  1965  1965 I GameManagerService: Disabling downscale for com.android.todolist
02-24 14:13:11.746  1965  1965 I Telecom : CarModeTracker: Package com.android.todolist is not tracked.: SSH.oR@QDo
02-24 14:13:11.762  1965  1965 I ConditionProviders: Disallowing condition provider com.android.todolist (userSet: true)
02-24 14:13:15.214  1965  2019 W BroadcastQueueInjector: Unable to launch app com.yandex.browser/10264 for broadcast Intent { act=android.intent.action.PACKAGE_FULLY_REMOVED dat=package:com.android.todolist flg=0x5000010 (has extras) }: process is not permitted to  auto start
02-24 14:27:50.807  1965  2309 W PackageManager: Freeze package com.android.todolist about 0.122 seconds for reason: installPackageLI
02-24 14:27:50.808  1965  2309 I BackupManagerService: [UserID:0] restoreAtInstall pkg=com.android.todolist token=5d restoreSet=32d741847a3c19ba
02-24 14:27:51.597  1965  2309 I InstallationTiming: com.android.todolist|null|9639|99|25|8509|57|0
02-24 14:27:51.622  1965  2108 I MiuiCompatModePackages: package com.android.todolist updated, removing config
02-24 14:27:51.666  1965  2112 W BroadcastQueue: Background execution not allowed: receiving Intent { act=android.intent.action.PACKAGE_ADDED dat=package:com.android.todolist flg=0x4000010 (has extras) } to com.lbe.security.miui/com.lbe.security.service.BootReceiver
02-24 14:27:51.666  1965  2112 W BroadcastQueue: Background execution not allowed: receiving Intent { act=android.intent.action.PACKAGE_ADDED dat=package:com.android.todolist flg=0x4000010 (has extras) } to com.huawei.appmarket/.service.installresult.control.InstallerReceiver
02-24 14:27:51.678  1965  2112 W BroadcastQueue: Background execution not allowed: receiving Intent { act=android.intent.action.PACKAGE_ADDED dat=package:com.android.todolist flg=0x4000010 (has extras) } to com.google.android.packageinstaller/com.android.packageinstaller.PackageInstalledReceiver
02-24 14:27:51.678  1965  2112 W BroadcastQueue: Background execution not allowed: receiving Intent { act=android.intent.action.PACKAGE_ADDED dat=package:com.android.todolist flg=0x4000010 (has extras) } to com.android.settings/.search.provider.UpdateReceiver
02-24 14:27:51.678  1965  2112 W BroadcastQueue: Background execution not allowed: receiving Intent { act=android.intent.action.PACKAGE_ADDED dat=package:com.android.todolist flg=0x4000010 (has extras) } to com.android.vending/com.google.android.finsky.packagemonitor.impl.PackageMonitorReceiverImpl$RegisteredReceiver
02-24 14:27:51.678  1965  2112 W BroadcastQueue: Background execution not allowed: receiving Intent { act=android.intent.action.PACKAGE_ADDED dat=package:com.android.todolist flg=0x4000010 (has extras) } to com.android.vending/com.google.android.finsky.packagemonitor.backgroundimpl.BackgroundPackageMonitorReceiverImpl$RegisteredReceiver
02-24 14:27:51.678  1965  2112 W BroadcastQueue: Background execution not allowed: receiving Intent { act=android.intent.action.PACKAGE_ADDED dat=package:com.android.todolist flg=0x4000010 (has extras) } to com.google.android.gms/.games.chimera.GamesSystemBroadcastReceiverProxy
02-24 14:27:51.678  1965  2112 W BroadcastQueue: Background execution not allowed: receiving Intent { act=android.intent.action.PACKAGE_ADDED dat=package:com.android.todolist flg=0x4000010 (has extras) } to com.google.android.gms/.gass.chimera.PackageChangeBroadcastReceiver
02-24 14:27:51.678  1965  2112 W BroadcastQueue: Background execution not allowed: receiving Intent { act=android.intent.action.PACKAGE_ADDED dat=package:com.android.todolist flg=0x4000010 (has extras) } to com.google.android.gms/.chimera.GmsIntentOperationService$PersistentTrustedReceiver
02-24 14:27:51.678  1965  2112 W BroadcastQueue: Background execution not allowed: receiving Intent { act=android.intent.action.PACKAGE_ADDED dat=package:com.android.todolist flg=0x4000010 (has extras) } to com.google.android.googlequicksearchbox/com.google.android.apps.gsa.googlequicksearchbox.GelStubAppWatcher
02-24 14:27:51.678  1965  2112 W BroadcastQueue: Background execution not allowed: receiving Intent { act=android.intent.action.PACKAGE_ADDED dat=package:com.android.todolist flg=0x4000010 (has extras) } to com.miui.global.packageinstaller/.AppInstalledReceiver
02-24 14:27:51.679  1965  2112 W BroadcastQueue: Background execution not allowed: receiving Intent { act=android.intent.action.PACKAGE_ADDED dat=package:com.android.todolist flg=0x4000010 (has extras) } to com.xiaomi.discover/com.xiaomi.market.data.MyPackageMonitor
02-24 14:27:51.679  1965  2112 W BroadcastQueue: Background execution not allowed: receiving Intent { act=android.intent.action.PACKAGE_ADDED dat=package:com.android.todolist flg=0x4000010 (has extras) } to com.xiaomi.mipicks/com.xiaomi.market.data.MyPackageMonitor
02-24 14:27:51.680  1965  2112 W BroadcastQueue: Background execution not allowed: receiving Intent { act=android.intent.action.PACKAGE_ADDED dat=package:com.android.todolist flg=0x4000010 (has extras) } to com.xiaomi.misettings/.usagestats.AppTimerReceiver
02-24 14:27:51.680  1965  2112 W BroadcastQueue: Background execution not allowed: receiving Intent { act=android.intent.action.PACKAGE_ADDED dat=package:com.android.todolist flg=0x4000010 (has extras) } to com.facebook.katana/com.facebook.feed.platformads.AppInstallReceiver
02-24 14:27:51.680  1965  2112 W BroadcastQueue: Background execution not allowed: receiving Intent { act=android.intent.action.PACKAGE_ADDED dat=package:com.android.todolist flg=0x4000010 (has extras) } to com.zhiliaoapp.musically/com.ss.android.common.applog.HotsoonReceiver
02-24 14:27:51.680  1965  2112 W BroadcastQueue: Background execution not allowed: receiving Intent { act=android.intent.action.PACKAGE_ADDED dat=package:com.android.todolist flg=0x4000010 (has extras) } to ru.sberbankmobile/com.kavsdk.AppInstallationReceiver
02-24 14:27:51.876  1965  2299 E VerityUtils: Failed to measure fs-verity, errno 1: /data/app/~~UQaeW2Ik3BAp9lfJIaLqfQ==/com.android.todolist-mwYyVakwZNKDgub5LjjJNQ==/base.apk
02-24 14:27:52.132  1965  2092 D CompanionDeviceManagerService: onPackageModified(packageName = com.android.todolist)
02-24 14:28:01.508  1965  6466 W XSpaceManagerServiceImpl: checkXSpaceControl, from:com.mi.android.globallauncher, to:com.android.todolist, with act:android.intent.action.MAIN, callingUserId:0, toUserId:0
02-24 14:28:01.509  1965  6466 I ActivityTaskManager: START u0 {act=android.intent.action.MAIN cat=[android.intent.category.LAUNCHER] flg=0x10200000 cmp=com.android.todolist/.MainActivity bnds=[314,185][515,386] (has extras)} from uid 10109 from pid 27986 callingPackage com.mi.android.globallauncher
02-24 14:28:01.595  1965  2113 D Boost   : hostingType=pre-top-activity, hostingName={com.android.todolist/com.android.todolist.MainActivity}, callerPackage=others, isSystem=true, isBoostNeeded=false.
02-24 14:28:01.600  1965  2113 I ActivityManager: Start proc 28968:com.android.todolist/u0a494 for pre-top-activity {com.android.todolist/com.android.todolist.MainActivity} caller=others
02-24 14:28:01.782 28968 28968 I ForceDarkHelperStubImpl: initialize for com.android.todolist , ForceDarkOrigin
02-24 14:28:01.966  1965  7086 V MiuiActivityTaskManagerServiceEx: dispatchActivityLifeState r = ActivityRecord{722664e u0 com.android.todolist/.MainActivity t616}
02-24 14:28:01.986  1965  6280 D WindowManager: Input focus has changed to Window{a3767bb u0 com.android.todolist/com.android.todolist.MainActivity} display=0
02-24 14:28:06.820  1965  6286 D WindowManager: Input focus has changed to Window{6bc3cda u0 com.android.todolist/com.android.todolist.MainActivity} display=0
02-24 14:28:13.580  1965  7084 D WindowManager: Input focus has changed to Window{a3767bb u0 com.android.todolist/com.android.todolist.MainActivity} display=0
02-24 14:31:10.678  1965 12490 I PackageManager: Dexopt with async: com.android.todolist, finished.
02-24 14:31:10.678  1965 12490 D PackageManager: FirstUseActivity packageName = com.android.todolist success = true
02-24 14:40:51.050  1965  7089 V MiuiActivityTaskManagerServiceEx: dispatchActivityLifeState r = ActivityRecord{722664e u0 com.android.todolist/.MainActivity t616}
02-24 14:40:51.102  1965  7089 D WindowManager: Input focus has changed to Window{a3767bb u0 com.android.todolist/com.android.todolist.MainActivity} display=0
02-24 14:40:52.659  1965  4671 D PerfShielderService: com.android.todolist|com.android.todolist/com.android.todolist.MainActivity|161|271556892193330|27|5|16
02-24 14:40:52.670  6357 12193 W MiuiPerfServiceClient: interceptAndQueuing:28968|com.android.todolist|161|27|271556892193330|Slow issue draw commands|16
02-24 14:42:09.408  1965  6284 D PKMSImpl: Uninstall pkg: com.android.todolist u0 flags:2 from pid:32534 uid:2000
02-24 14:42:09.410  1965  2112 I ActivityManager: Force stopping com.android.todolist appid=10494 user=-1: deletePackageX
02-24 14:42:09.419  1965  2112 I ActivityManager: Killing 28968:com.android.todolist/u0a494 (adj 0): stop com.android.todolist due to deletePackageX
02-24 14:42:09.435  1965  2112 W ActivityTaskManager: Force removing ActivityRecord{722664e u0 com.android.todolist/.MainActivity t616 f}}: app died, no saved state
02-24 14:42:09.511  1965  6288 V ActivityManager: Got obituary of 28968:com.android.todolist
02-24 14:42:09.820  1965  2309 W PackageManager: com.android.server.pm.Installer$InstallerException: android.os.ServiceSpecificException: Failed to delete /data/user_de/999/com.android.todolist (code 2)
02-24 14:42:09.977  1965  2309 W PackageManager: Freeze package com.android.todolist about 0.568 seconds for reason: deletePackageX
02-24 14:42:10.192  1965  2309 I ActivityManager: Force stopping com.android.todolist appid=10494 user=0: pkg removed
02-24 14:42:10.413  1965  2092 D CompanionDeviceManagerService: onPackageRemoved(packageName = com.android.todolist, uid = 10494)
02-24 14:42:10.414  1965  3219 V StorageManagerService: Package com.android.todolist does not have legacy storage
02-24 14:42:10.417  1965  3142 I RollbackManager: broadcast=ACTION_PACKAGE_FULLY_REMOVED pkg=com.android.todolist
02-24 14:42:10.451  1965  2112 W BroadcastQueue: Background execution not allowed: receiving Intent { act=android.intent.action.PACKAGE_REMOVED dat=package:com.android.todolist flg=0x4000010 (has extras) } to com.lbe.security.miui/com.lbe.security.service.BootReceiver
02-24 14:42:10.468  1965  2112 W BroadcastQueue: Background execution not allowed: receiving Intent { act=android.intent.action.PACKAGE_REMOVED dat=package:com.android.todolist flg=0x4000010 (has extras) } to com.huawei.appmarket/.service.installresult.control.InstallerReceiver
02-24 14:42:10.469  1965  2112 W BroadcastQueue: Background execution not allowed: receiving Intent { act=android.intent.action.PACKAGE_REMOVED dat=package:com.android.todolist flg=0x4000010 (has extras) } to com.android.settings/.search.provider.UpdateReceiver
02-24 14:42:10.470  1965  2112 W BroadcastQueue: Background execution not allowed: receiving Intent { act=android.intent.action.PACKAGE_REMOVED dat=package:com.android.todolist flg=0x4000010 (has extras) } to com.android.vending/com.google.android.finsky.packagemonitor.impl.PackageMonitorReceiverImpl$RegisteredReceiver
02-24 14:42:10.534  1965  2112 W BroadcastQueue: Background execution not allowed: receiving Intent { act=android.intent.action.PACKAGE_REMOVED dat=package:com.android.todolist flg=0x4000010 (has extras) } to com.android.vending/com.google.android.finsky.packagemonitor.backgroundimpl.BackgroundPackageMonitorReceiverImpl$RegisteredReceiver
02-24 14:42:10.537  1965  1965 I GameManagerService: Disabling downscale for com.android.todolist
02-24 14:42:10.563  1965  1965 I Telecom : CarModeTracker: Package com.android.todolist is not tracked.: SSH.oR@Qo0
02-24 14:42:10.584  1965  2112 W BroadcastQueue: Background execution not allowed: receiving Intent { act=android.intent.action.PACKAGE_REMOVED dat=package:com.android.todolist flg=0x4000010 (has extras) } to com.android.vending/com.google.android.finsky.instantapps.appmanagement.InstantAppRemoveMonitor
02-24 14:42:10.584  1965  2112 W BroadcastQueue: Background execution not allowed: receiving Intent { act=android.intent.action.PACKAGE_REMOVED dat=package:com.android.todolist flg=0x4000010 (has extras) } to com.google.android.gms/.games.chimera.GamesSystemBroadcastReceiverProxy
02-24 14:42:10.584  1965  2112 W BroadcastQueue: Background execution not allowed: receiving Intent { act=android.intent.action.PACKAGE_REMOVED dat=package:com.android.todolist flg=0x4000010 (has extras) } to com.google.android.gms/.chimera.GmsIntentOperationService$PersistentTrustedReceiver
02-24 14:42:10.585  1965  2112 W BroadcastQueue: Background execution not allowed: receiving Intent { act=android.intent.action.PACKAGE_REMOVED dat=package:com.android.todolist flg=0x4000010 (has extras) } to com.google.android.googlequicksearchbox/com.google.android.apps.gsa.googlequicksearchbox.GelStubAppWatcher
02-24 14:42:10.585  1965  2112 W BroadcastQueue: Background execution not allowed: receiving Intent { act=android.intent.action.PACKAGE_REMOVED dat=package:com.android.todolist flg=0x4000010 (has extras) } to com.xiaomi.discover/com.xiaomi.market.data.MyPackageMonitor
02-24 14:42:10.585  1965  2112 W BroadcastQueue: Background execution not allowed: receiving Intent { act=android.intent.action.PACKAGE_REMOVED dat=package:com.android.todolist flg=0x4000010 (has extras) } to com.xiaomi.mipicks/com.xiaomi.market.data.MyPackageMonitor
02-24 14:42:10.585  1965  2112 W BroadcastQueue: Background execution not allowed: receiving Intent { act=android.intent.action.PACKAGE_REMOVED dat=package:com.android.todolist flg=0x4000010 (has extras) } to com.xiaomi.misettings/.usagestats.AppTimerReceiver
02-24 14:42:10.585  1965  2112 W BroadcastQueue: Background execution not allowed: receiving Intent { act=android.intent.action.PACKAGE_REMOVED dat=package:com.android.todolist flg=0x4000010 (has extras) } to com.facebook.katana/com.facebook.feed.platformads.AppInstallReceiver
02-24 14:42:10.585  1965  2112 W BroadcastQueue: Background execution not allowed: receiving Intent { act=android.intent.action.PACKAGE_REMOVED dat=package:com.android.todolist flg=0x4000010 (has extras) } to com.huawei.hwid/com.huawei.hms.fwksdk.broadcast.PackageRemovedReceiver
02-24 14:42:10.589  1965  1965 I ConditionProviders: Disallowing condition provider com.android.todolist (userSet: true)
02-24 14:42:10.595  1965  2112 W BroadcastQueue: Background execution not allowed: receiving Intent { act=android.intent.action.PACKAGE_REMOVED dat=package:com.android.todolist flg=0x4000010 (has extras) } to com.taptap.global/com.taobao.accs.EventReceiver
02-24 14:42:10.596  1965  2112 W BroadcastQueue: Background execution not allowed: receiving Intent { act=android.intent.action.PACKAGE_REMOVED dat=package:com.android.todolist flg=0x4000010 (has extras) } to com.vkontakte.android/ru.mail.libverify.utils.PackageStateReceiver
02-24 14:42:10.596  1965  2112 W BroadcastQueue: Background execution not allowed: receiving Intent { act=android.intent.action.PACKAGE_REMOVED dat=package:com.android.todolist flg=0x4000010 (has extras) } to ru.sberbankmobile/com.kavsdk.AppInstallationReceiver
02-24 14:42:14.004  1965  4014 W BroadcastQueueInjector: Unable to launch app com.yandex.browser/10264 for broadcast Intent { act=android.intent.action.PACKAGE_FULLY_REMOVED dat=package:com.android.todolist flg=0x5000010 (has extras) }: process is not permitted to  auto start
02-24 14:42:34.484  1965  2309 W PackageManager: Freeze package com.android.todolist about 0.085 seconds for reason: installPackageLI
02-24 14:42:34.484  1965  2309 I BackupManagerService: [UserID:0] restoreAtInstall pkg=com.android.todolist token=5e restoreSet=32d741847a3c19ba
02-24 14:42:35.201  1965  2309 I InstallationTiming: com.android.todolist|null|5054|118|10|4038|51|0
02-24 14:42:35.221  1965  2108 I MiuiCompatModePackages: package com.android.todolist updated, removing config
02-24 14:42:35.258  1965  2112 W BroadcastQueue: Background execution not allowed: receiving Intent { act=android.intent.action.PACKAGE_ADDED dat=package:com.android.todolist flg=0x4000010 (has extras) } to com.lbe.security.miui/com.lbe.security.service.BootReceiver
02-24 14:42:35.261  1965  2112 W BroadcastQueue: Background execution not allowed: receiving Intent { act=android.intent.action.PACKAGE_ADDED dat=package:com.android.todolist flg=0x4000010 (has extras) } to com.huawei.appmarket/.service.installresult.control.InstallerReceiver
02-24 14:42:35.272  1965  2112 W BroadcastQueue: Background execution not allowed: receiving Intent { act=android.intent.action.PACKAGE_ADDED dat=package:com.android.todolist flg=0x4000010 (has extras) } to com.google.android.packageinstaller/com.android.packageinstaller.PackageInstalledReceiver
02-24 14:42:35.279  1965  2112 W BroadcastQueue: Background execution not allowed: receiving Intent { act=android.intent.action.PACKAGE_ADDED dat=package:com.android.todolist flg=0x4000010 (has extras) } to com.android.settings/.search.provider.UpdateReceiver
02-24 14:42:35.280  1965  2112 W BroadcastQueue: Background execution not allowed: receiving Intent { act=android.intent.action.PACKAGE_ADDED dat=package:com.android.todolist flg=0x4000010 (has extras) } to com.android.vending/com.google.android.finsky.packagemonitor.impl.PackageMonitorReceiverImpl$RegisteredReceiver
02-24 14:42:35.286  1965  2112 W BroadcastQueue: Background execution not allowed: receiving Intent { act=android.intent.action.PACKAGE_ADDED dat=package:com.android.todolist flg=0x4000010 (has extras) } to com.android.vending/com.google.android.finsky.packagemonitor.backgroundimpl.BackgroundPackageMonitorReceiverImpl$RegisteredReceiver
02-24 14:42:35.287  1965  2112 W BroadcastQueue: Background execution not allowed: receiving Intent { act=android.intent.action.PACKAGE_ADDED dat=package:com.android.todolist flg=0x4000010 (has extras) } to com.google.android.gms/.games.chimera.GamesSystemBroadcastReceiverProxy
02-24 14:42:35.290  1965  2112 W BroadcastQueue: Background execution not allowed: receiving Intent { act=android.intent.action.PACKAGE_ADDED dat=package:com.android.todolist flg=0x4000010 (has extras) } to com.google.android.gms/.gass.chimera.PackageChangeBroadcastReceiver
02-24 14:42:35.295  1965  2112 W BroadcastQueue: Background execution not allowed: receiving Intent { act=android.intent.action.PACKAGE_ADDED dat=package:com.android.todolist flg=0x4000010 (has extras) } to com.google.android.gms/.chimera.GmsIntentOperationService$PersistentTrustedReceiver
02-24 14:42:35.295  1965  2112 W BroadcastQueue: Background execution not allowed: receiving Intent { act=android.intent.action.PACKAGE_ADDED dat=package:com.android.todolist flg=0x4000010 (has extras) } to com.google.android.googlequicksearchbox/com.google.android.apps.gsa.googlequicksearchbox.GelStubAppWatcher
02-24 14:42:35.296  1965  2112 W BroadcastQueue: Background execution not allowed: receiving Intent { act=android.intent.action.PACKAGE_ADDED dat=package:com.android.todolist flg=0x4000010 (has extras) } to com.miui.global.packageinstaller/.AppInstalledReceiver
02-24 14:42:35.300  1965  2112 W BroadcastQueue: Background execution not allowed: receiving Intent { act=android.intent.action.PACKAGE_ADDED dat=package:com.android.todolist flg=0x4000010 (has extras) } to com.xiaomi.discover/com.xiaomi.market.data.MyPackageMonitor
02-24 14:42:35.300  1965  2112 W BroadcastQueue: Background execution not allowed: receiving Intent { act=android.intent.action.PACKAGE_ADDED dat=package:com.android.todolist flg=0x4000010 (has extras) } to com.xiaomi.mipicks/com.xiaomi.market.data.MyPackageMonitor
02-24 14:42:35.300  1965  2112 W BroadcastQueue: Background execution not allowed: receiving Intent { act=android.intent.action.PACKAGE_ADDED dat=package:com.android.todolist flg=0x4000010 (has extras) } to com.xiaomi.misettings/.usagestats.AppTimerReceiver
02-24 14:42:35.300  1965  2112 W BroadcastQueue: Background execution not allowed: receiving Intent { act=android.intent.action.PACKAGE_ADDED dat=package:com.android.todolist flg=0x4000010 (has extras) } to com.facebook.katana/com.facebook.feed.platformads.AppInstallReceiver
02-24 14:42:35.300  1965  2112 W BroadcastQueue: Background execution not allowed: receiving Intent { act=android.intent.action.PACKAGE_ADDED dat=package:com.android.todolist flg=0x4000010 (has extras) } to com.zhiliaoapp.musically/com.ss.android.common.applog.HotsoonReceiver
02-24 14:42:35.300  1965  2112 W BroadcastQueue: Background execution not allowed: receiving Intent { act=android.intent.action.PACKAGE_ADDED dat=package:com.android.todolist flg=0x4000010 (has extras) } to ru.sberbankmobile/com.kavsdk.AppInstallationReceiver
02-24 14:42:35.348  1965  2299 E VerityUtils: Failed to measure fs-verity, errno 1: /data/app/~~MRxEZAmtzjYoOIIFoPhtfQ==/com.android.todolist-mYaHwJqA2liWzqOKEd1GCw==/base.apk
02-24 14:42:35.358  1965  2092 D CompanionDeviceManagerService: onPackageModified(packageName = com.android.todolist)
02-24 14:42:42.058  1965  7949 D PKMSImpl: Uninstall pkg: com.android.todolist u0 flags:2 from pid:2914 uid:2000
02-24 14:42:42.059  1965  2112 I ActivityManager: Force stopping com.android.todolist appid=10495 user=-1: deletePackageX
02-24 14:42:42.146  1965  2309 W PackageManager: com.android.server.pm.Installer$InstallerException: android.os.ServiceSpecificException: Failed to delete /data/user_de/999/com.android.todolist (code 2)
02-24 14:42:42.382  1965  2309 W PackageManager: Freeze package com.android.todolist about 0.323 seconds for reason: deletePackageX
02-24 14:42:42.655  1965  2309 I ActivityManager: Force stopping com.android.todolist appid=10495 user=0: pkg removed
02-24 14:42:42.918  1965  3219 V StorageManagerService: Package com.android.todolist does not have legacy storage
02-24 14:42:42.919  1965  2092 D CompanionDeviceManagerService: onPackageRemoved(packageName = com.android.todolist, uid = 10495)
02-24 14:42:42.932  1965  3142 I RollbackManager: broadcast=ACTION_PACKAGE_FULLY_REMOVED pkg=com.android.todolist
02-24 14:42:42.960  1965  2112 W BroadcastQueue: Background execution not allowed: receiving Intent { act=android.intent.action.PACKAGE_REMOVED dat=package:com.android.todolist flg=0x4000010 (has extras) } to com.lbe.security.miui/com.lbe.security.service.BootReceiver
02-24 14:42:42.960  1965  2112 W BroadcastQueue: Background execution not allowed: receiving Intent { act=android.intent.action.PACKAGE_REMOVED dat=package:com.android.todolist flg=0x4000010 (has extras) } to com.huawei.appmarket/.service.installresult.control.InstallerReceiver
02-24 14:42:42.960  1965  2112 W BroadcastQueue: Background execution not allowed: receiving Intent { act=android.intent.action.PACKAGE_REMOVED dat=package:com.android.todolist flg=0x4000010 (has extras) } to com.android.settings/.search.provider.UpdateReceiver
02-24 14:42:42.960  1965  2112 W BroadcastQueue: Background execution not allowed: receiving Intent { act=android.intent.action.PACKAGE_REMOVED dat=package:com.android.todolist flg=0x4000010 (has extras) } to com.android.vending/com.google.android.finsky.packagemonitor.impl.PackageMonitorReceiverImpl$RegisteredReceiver
02-24 14:42:42.960  1965  2112 W BroadcastQueue: Background execution not allowed: receiving Intent { act=android.intent.action.PACKAGE_REMOVED dat=package:com.android.todolist flg=0x4000010 (has extras) } to com.android.vending/com.google.android.finsky.packagemonitor.backgroundimpl.BackgroundPackageMonitorReceiverImpl$RegisteredReceiver
02-24 14:42:42.961  1965  2112 W BroadcastQueue: Background execution not allowed: receiving Intent { act=android.intent.action.PACKAGE_REMOVED dat=package:com.android.todolist flg=0x4000010 (has extras) } to com.android.vending/com.google.android.finsky.instantapps.appmanagement.InstantAppRemoveMonitor
02-24 14:42:42.961  1965  2112 W BroadcastQueue: Background execution not allowed: receiving Intent { act=android.intent.action.PACKAGE_REMOVED dat=package:com.android.todolist flg=0x4000010 (has extras) } to com.google.android.gms/.games.chimera.GamesSystemBroadcastReceiverProxy
02-24 14:42:42.961  1965  2112 W BroadcastQueue: Background execution not allowed: receiving Intent { act=android.intent.action.PACKAGE_REMOVED dat=package:com.android.todolist flg=0x4000010 (has extras) } to com.google.android.gms/.chimera.GmsIntentOperationService$PersistentTrustedReceiver
02-24 14:42:42.961  1965  2112 W BroadcastQueue: Background execution not allowed: receiving Intent { act=android.intent.action.PACKAGE_REMOVED dat=package:com.android.todolist flg=0x4000010 (has extras) } to com.google.android.googlequicksearchbox/com.google.android.apps.gsa.googlequicksearchbox.GelStubAppWatcher
02-24 14:42:42.961  1965  2112 W BroadcastQueue: Background execution not allowed: receiving Intent { act=android.intent.action.PACKAGE_REMOVED dat=package:com.android.todolist flg=0x4000010 (has extras) } to com.xiaomi.discover/com.xiaomi.market.data.MyPackageMonitor
02-24 14:42:42.961  1965  2112 W BroadcastQueue: Background execution not allowed: receiving Intent { act=android.intent.action.PACKAGE_REMOVED dat=package:com.android.todolist flg=0x4000010 (has extras) } to com.xiaomi.mipicks/com.xiaomi.market.data.MyPackageMonitor
02-24 14:42:42.961  1965  2112 W BroadcastQueue: Background execution not allowed: receiving Intent { act=android.intent.action.PACKAGE_REMOVED dat=package:com.android.todolist flg=0x4000010 (has extras) } to com.xiaomi.misettings/.usagestats.AppTimerReceiver
02-24 14:42:42.961  1965  2112 W BroadcastQueue: Background execution not allowed: receiving Intent { act=android.intent.action.PACKAGE_REMOVED dat=package:com.android.todolist flg=0x4000010 (has extras) } to com.facebook.katana/com.facebook.feed.platformads.AppInstallReceiver
02-24 14:42:42.961  1965  2112 W BroadcastQueue: Background execution not allowed: receiving Intent { act=android.intent.action.PACKAGE_REMOVED dat=package:com.android.todolist flg=0x4000010 (has extras) } to com.huawei.hwid/com.huawei.hms.fwksdk.broadcast.PackageRemovedReceiver
02-24 14:42:42.963  1965  2112 W BroadcastQueue: Background execution not allowed: receiving Intent { act=android.intent.action.PACKAGE_REMOVED dat=package:com.android.todolist flg=0x4000010 (has extras) } to com.taptap.global/com.taobao.accs.EventReceiver
02-24 14:42:42.975  1965  2112 W BroadcastQueue: Background execution not allowed: receiving Intent { act=android.intent.action.PACKAGE_REMOVED dat=package:com.android.todolist flg=0x4000010 (has extras) } to com.vkontakte.android/ru.mail.libverify.utils.PackageStateReceiver
02-24 14:42:42.976  1965  2112 W BroadcastQueue: Background execution not allowed: receiving Intent { act=android.intent.action.PACKAGE_REMOVED dat=package:com.android.todolist flg=0x4000010 (has extras) } to ru.sberbankmobile/com.kavsdk.AppInstallationReceiver
02-24 14:42:43.000  1965  1965 I GameManagerService: Disabling downscale for com.android.todolist
02-24 14:42:43.011  1965  1965 I Telecom : CarModeTracker: Package com.android.todolist is not tracked.: SSH.oR@QpY
02-24 14:42:43.036  1965  1965 I ConditionProviders: Disallowing condition provider com.android.todolist (userSet: true)
02-24 14:42:44.867  1965  2020 W BroadcastQueueInjector: Unable to launch app com.yandex.browser/10264 for broadcast Intent { act=android.intent.action.PACKAGE_FULLY_REMOVED dat=package:com.android.todolist flg=0x5000010 (has extras) }: process is not permitted to  auto start
02-24 14:43:19.627  1965  2309 W PackageManager: Freeze package com.android.todolist about 0.13 seconds for reason: installPackageLI
02-24 14:43:19.628  1965  2309 I BackupManagerService: [UserID:0] restoreAtInstall pkg=com.android.todolist token=5f restoreSet=32d741847a3c19ba
02-24 14:43:20.348  1965  2309 I InstallationTiming: com.android.todolist|null|3717|95|38|2655|39|0
02-24 14:43:20.386  1965  2108 I MiuiCompatModePackages: package com.android.todolist updated, removing config
02-24 14:43:20.421  1965  2112 W BroadcastQueue: Background execution not allowed: receiving Intent { act=android.intent.action.PACKAGE_ADDED dat=package:com.android.todolist flg=0x4000010 (has extras) } to com.lbe.security.miui/com.lbe.security.service.BootReceiver
02-24 14:43:20.421  1965  2112 W BroadcastQueue: Background execution not allowed: receiving Intent { act=android.intent.action.PACKAGE_ADDED dat=package:com.android.todolist flg=0x4000010 (has extras) } to com.huawei.appmarket/.service.installresult.control.InstallerReceiver
02-24 14:43:20.456  1965  2112 W BroadcastQueue: Background execution not allowed: receiving Intent { act=android.intent.action.PACKAGE_ADDED dat=package:com.android.todolist flg=0x4000010 (has extras) } to com.google.android.packageinstaller/com.android.packageinstaller.PackageInstalledReceiver
02-24 14:43:20.457  1965  2112 W BroadcastQueue: Background execution not allowed: receiving Intent { act=android.intent.action.PACKAGE_ADDED dat=package:com.android.todolist flg=0x4000010 (has extras) } to com.android.settings/.search.provider.UpdateReceiver
02-24 14:43:20.457  1965  2112 W BroadcastQueue: Background execution not allowed: receiving Intent { act=android.intent.action.PACKAGE_ADDED dat=package:com.android.todolist flg=0x4000010 (has extras) } to com.android.vending/com.google.android.finsky.packagemonitor.impl.PackageMonitorReceiverImpl$RegisteredReceiver
02-24 14:43:20.457  1965  2112 W BroadcastQueue: Background execution not allowed: receiving Intent { act=android.intent.action.PACKAGE_ADDED dat=package:com.android.todolist flg=0x4000010 (has extras) } to com.android.vending/com.google.android.finsky.packagemonitor.backgroundimpl.BackgroundPackageMonitorReceiverImpl$RegisteredReceiver
02-24 14:43:20.457  1965  2112 W BroadcastQueue: Background execution not allowed: receiving Intent { act=android.intent.action.PACKAGE_ADDED dat=package:com.android.todolist flg=0x4000010 (has extras) } to com.google.android.gms/.games.chimera.GamesSystemBroadcastReceiverProxy
02-24 14:43:20.469  1965  2112 W BroadcastQueue: Background execution not allowed: receiving Intent { act=android.intent.action.PACKAGE_ADDED dat=package:com.android.todolist flg=0x4000010 (has extras) } to com.google.android.gms/.gass.chimera.PackageChangeBroadcastReceiver
02-24 14:43:20.495  1965  2112 W BroadcastQueue: Background execution not allowed: receiving Intent { act=android.intent.action.PACKAGE_ADDED dat=package:com.android.todolist flg=0x4000010 (has extras) } to com.google.android.gms/.chimera.GmsIntentOperationService$PersistentTrustedReceiver
02-24 14:43:20.512  1965  2112 W BroadcastQueue: Background execution not allowed: receiving Intent { act=android.intent.action.PACKAGE_ADDED dat=package:com.android.todolist flg=0x4000010 (has extras) } to com.google.android.googlequicksearchbox/com.google.android.apps.gsa.googlequicksearchbox.GelStubAppWatcher
02-24 14:43:20.512  1965  2299 E VerityUtils: Failed to measure fs-verity, errno 1: /data/app/~~po8PrYrXxyoLzreB4kDBMg==/com.android.todolist-iqjoMDPJoYyC8oQaiDmZ9A==/base.apk
02-24 14:43:20.512  1965  2112 W BroadcastQueue: Background execution not allowed: receiving Intent { act=android.intent.action.PACKAGE_ADDED dat=package:com.android.todolist flg=0x4000010 (has extras) } to com.miui.global.packageinstaller/.AppInstalledReceiver
02-24 14:43:20.512  1965  2112 W BroadcastQueue: Background execution not allowed: receiving Intent { act=android.intent.action.PACKAGE_ADDED dat=package:com.android.todolist flg=0x4000010 (has extras) } to com.xiaomi.discover/com.xiaomi.market.data.MyPackageMonitor
02-24 14:43:20.512  1965  2112 W BroadcastQueue: Background execution not allowed: receiving Intent { act=android.intent.action.PACKAGE_ADDED dat=package:com.android.todolist flg=0x4000010 (has extras) } to com.xiaomi.mipicks/com.xiaomi.market.data.MyPackageMonitor
02-24 14:43:20.512  1965  2112 W BroadcastQueue: Background execution not allowed: receiving Intent { act=android.intent.action.PACKAGE_ADDED dat=package:com.android.todolist flg=0x4000010 (has extras) } to com.xiaomi.misettings/.usagestats.AppTimerReceiver
02-24 14:43:20.512  1965  2112 W BroadcastQueue: Background execution not allowed: receiving Intent { act=android.intent.action.PACKAGE_ADDED dat=package:com.android.todolist flg=0x4000010 (has extras) } to com.facebook.katana/com.facebook.feed.platformads.AppInstallReceiver
02-24 14:43:20.512  1965  2112 W BroadcastQueue: Background execution not allowed: receiving Intent { act=android.intent.action.PACKAGE_ADDED dat=package:com.android.todolist flg=0x4000010 (has extras) } to com.zhiliaoapp.musically/com.ss.android.common.applog.HotsoonReceiver
02-24 14:43:20.512  1965  2112 W BroadcastQueue: Background execution not allowed: receiving Intent { act=android.intent.action.PACKAGE_ADDED dat=package:com.android.todolist flg=0x4000010 (has extras) } to ru.sberbankmobile/com.kavsdk.AppInstallationReceiver
02-24 14:43:20.615  1965  2092 D CompanionDeviceManagerService: onPackageModified(packageName = com.android.todolist)
02-24 14:55:00.355  1965  7085 W XSpaceManagerServiceImpl: checkXSpaceControl, from:com.mi.android.globallauncher, to:com.android.todolist, with act:android.intent.action.MAIN, callingUserId:0, toUserId:0
02-24 14:55:00.360  1965  7085 I ActivityTaskManager: START u0 {act=android.intent.action.MAIN cat=[android.intent.category.LAUNCHER] flg=0x10200000 cmp=com.android.todolist/.MainActivity bnds=[313,183][514,384] (has extras)} from uid 10109 from pid 27986 callingPackage com.mi.android.globallauncher
02-24 14:55:00.461  1965  2113 D Boost   : hostingType=pre-top-activity, hostingName={com.android.todolist/com.android.todolist.MainActivity}, callerPackage=others, isSystem=true, isBoostNeeded=false.
02-24 14:55:00.465  1965  2113 I ActivityManager: Start proc 4872:com.android.todolist/u0a496 for pre-top-activity {com.android.todolist/com.android.todolist.MainActivity} caller=others
02-24 14:55:00.758  4872  4872 I ForceDarkHelperStubImpl: initialize for com.android.todolist , ForceDarkOrigin
02-24 14:55:00.977  4872  4872 W Looper  : PerfMonitor looperActivity : package=com.android.todolist/.MainActivity time=0ms latency=313ms running=0ms  procState=-1  historyMsgCount=4 (msgIndex=3 wall=106ms seq=3 running=89ms runnable=8ms io=6ms binder=5ms late=12ms h=android.app.ActivityThread$H w=110) (msgIndex=4 wall=205ms seq=4 running=161ms runnable=19ms io=14ms binder=23ms late=109ms h=android.app.ActivityThread$H w=159)
02-24 14:55:00.978  1965  4034 V MiuiActivityTaskManagerServiceEx: dispatchActivityLifeState r = ActivityRecord{e9b468c u0 com.android.todolist/.MainActivity t619}
02-24 14:55:01.005  1965  7085 D WindowManager: Input focus has changed to Window{8e010e1 u0 com.android.todolist/com.android.todolist.MainActivity} display=0
02-24 14:55:09.915  1965  4034 D WindowManager: Input focus has changed to Window{f98b4f1 u0 com.android.todolist/com.android.todolist.MainActivity} display=0
02-24 14:55:11.012  1965  7086 D PerfShielderService: com.android.todolist|com.android.todolist/com.android.todolist.MainActivity|169|272415543532377|70|5|13
02-24 14:55:11.012  6357  6314 W MiuiPerfServiceClient: interceptAndQueuing:4872|com.android.todolist|169|70|272415543532377|Slow issue draw commands|13
02-24 14:55:15.064  1965  4034 D WindowManager: Input focus has changed to Window{8e010e1 u0 com.android.todolist/com.android.todolist.MainActivity} display=0
02-24 14:55:17.341  1965  7086 D WindowManager: Input focus has changed to Window{fe49cd u0 com.android.todolist/com.android.todolist.MainActivity} display=0
02-24 14:55:17.800  1965  7086 D WindowManager: Input focus has changed to Window{8e010e1 u0 com.android.todolist/com.android.todolist.MainActivity} display=0
02-24 14:55:18.400  1965  4036 D PerfShielderService: com.android.todolist|com.android.todolist/com.android.todolist.MainActivity|277|272423742235291|33|5|28
02-24 14:55:18.401  6357  6314 W MiuiPerfServiceClient: interceptAndQueuing:4872|com.android.todolist|277|33|272423742235291|Slow issue draw commands|28
02-24 14:55:18.845  1965  4036 D WindowManager: Input focus has changed to Window{96bbed7 u0 com.android.todolist/com.android.todolist.MainActivity} display=0
02-24 14:55:26.427  1965  7081 D WindowManager: Input focus has changed to Window{8e010e1 u0 com.android.todolist/com.android.todolist.MainActivity} display=0
02-24 14:55:26.458  1965  7081 D PerfShielderService: com.android.todolist|com.android.todolist/com.android.todolist.MainActivity|217|272427631632425|28|5|20
02-24 14:55:26.460  6357  6314 W MiuiPerfServiceClient: interceptAndQueuing:4872|com.android.todolist|217|28|272427631632425|Slow issue draw commands|20
02-24 14:58:09.649  1965 12490 I PackageManager: Dexopt with async: com.android.todolist, finished.
02-24 14:58:09.649  1965 12490 D PackageManager: FirstUseActivity packageName = com.android.todolist success = true
02-24 15:04:33.751  1965  6466 V MiuiActivityTaskManagerServiceEx: dispatchActivityLifeState r = ActivityRecord{e9b468c u0 com.android.todolist/.MainActivity t619}
02-24 15:04:33.766  1965  7089 D WindowManager: Input focus has changed to Window{8e010e1 u0 com.android.todolist/com.android.todolist.MainActivity} display=0
02-24 15:04:33.796  1965  7089 D PerfShielderService: com.android.todolist|com.android.todolist/com.android.todolist.MainActivity|252|272433959593047|32|5|25
02-24 15:04:33.797  6357 12193 W MiuiPerfServiceClient: interceptAndQueuing:4872|com.android.todolist|252|32|272433959593047|Slow issue draw commands|25
02-24 15:04:35.369  1965  6466 D PerfShielderService: com.android.todolist|com.android.todolist/com.android.todolist.MainActivity|212|272979565938204|67|5|15
02-24 15:04:35.370  6357 12193 W MiuiPerfServiceClient: interceptAndQueuing:4872|com.android.todolist|212|67|272979565938204|Slow issue draw commands|15
02-24 15:04:49.816  1965  7089 D PerfShielderService: com.android.todolist|com.android.todolist/com.android.todolist.MainActivity|243|272981259725182|27|5|22
02-24 15:04:49.818  6357 12193 W MiuiPerfServiceClient: interceptAndQueuing:4872|com.android.todolist|243|27|272981259725182|Slow issue draw commands|22
02-24 15:07:43.990  1965  4671 V MiuiActivityTaskManagerServiceEx: dispatchActivityLifeState r = ActivityRecord{e9b468c u0 com.android.todolist/.MainActivity t619}
02-24 15:07:44.000  1965  2019 D WindowManager: Input focus has changed to Window{8e010e1 u0 com.android.todolist/com.android.todolist.MainActivity} display=0
02-24 15:07:44.011  1965  2019 D PerfShielderService: com.android.todolist|com.android.todolist/com.android.todolist.MainActivity|99|272995585519604|44|5|5
02-24 15:07:44.011  6357  9522 W MiuiPerfServiceClient: interceptAndQueuing:4872|com.android.todolist|99|44|272995585519604|Slow issue draw commands|5
02-24 15:21:20.300  1965  7087 V MiuiActivityTaskManagerServiceEx: dispatchActivityLifeState r = ActivityRecord{e9b468c u0 com.android.todolist/.MainActivity t619}
02-24 15:21:20.446  1965  6280 D WindowManager: Input focus has changed to Window{8e010e1 u0 com.android.todolist/com.android.todolist.MainActivity} display=0
02-24 15:21:21.551  1965  7087 D WindowManager: Input focus has changed to Window{57faed5 u0 com.android.todolist/com.android.todolist.MainActivity} display=0
02-24 15:21:24.453  1965  4902 I ProcessManager: SwipeUpClean: kill com.android.todolist Adj=905 State=19
02-24 15:21:24.465  1965  4902 I ActivityManager: Killing 4872:com.android.todolist/u0a496 (adj 905): SwipeUpClean
02-24 15:21:24.580  1965  2025 W UsageStatsService: Unexpected activity event reported! (com.android.todolist/com.android.todolist.MainActivity event : 23 instanceId : 212402111)
02-24 15:25:15.681  1965  4594 I ActivityManager: Force stopping com.android.todolist appid=10496 user=-1: set debug app
02-24 15:25:15.742  1965  7089 I ActivityManager: Force stopping com.android.todolist appid=10496 user=-1: set debug app
02-24 15:25:18.699  1965  4594 I ActivityManager: Force stopping com.android.todolist appid=10496 user=-1: set debug app
02-24 19:13:17.866  1965  7085 I ActivityManager: Force stopping com.android.todolist appid=10496 user=-1: set debug app
02-24 19:13:49.670  1965  4014 I ActivityManager: Force stopping com.android.todolist appid=10496 user=-1: set debug app
02-24 19:14:10.667  1965  7081 I ActivityManager: Force stopping com.android.todolist appid=10496 user=-1: set debug app
02-24 19:14:18.183  1965  5141 I ActivityManager: Force stopping com.android.todolist appid=10496 user=-1: set debug app
02-24 20:22:07.998  1965  3914 I ActivityManager: Force stopping com.android.todolist appid=10496 user=-1: set debug app
02-24 20:22:21.189  1965  6288 I ActivityManager: Force stopping com.android.todolist appid=10496 user=-1: set debug app
02-24 20:22:24.605  1965  5141 I ActivityManager: Force stopping com.android.todolist appid=10496 user=-1: set debug app
02-24 20:22:31.439  1965  7949 I ActivityManager: Force stopping com.android.todolist appid=10496 user=-1: set debug app
02-24 20:22:44.321  1965  7085 I ActivityManager: Force stopping com.android.todolist appid=10496 user=-1: set debug app
02-24 20:58:11.104  1965  7089 I ActivityManager: Force stopping com.android.todolist appid=10496 user=-1: set debug app
